package file

import (
	"encoding/json"
	"math"
	
	"colors"
	"test.com/dimensions"
	"test.com/dimensions:alt"
)

wall: {
	color: colors.#Red
	size:  dimensions.#Dimensions & {
		w: 100
		h: 100
	}
	altSize: alt.#AltDimensions & {
		w: 150
		h: 150
	}
	priceM2: math.Floor(w * h / 10000)
}

floor: {
	color: colors.#Color
}

enc: json.Marshal(wall)

ceiling: {
	color: default.color
}
